Start time: 11:52:09 on Jul 11,2026
qverilog deep_copy_example.sv 
-- Compiling package deep_copy_example_sv_unit
-- Compiling module test

Top level modules:
	test
# vsim -lib work work.deep_copy_example_sv_unit work.test -c -do "run -all; quit -f" -appendlog -l qverilog.log -vopt 
# ** Note: (vsim-3812) Design is being optimized...
# //  Questa Sim-64
# //  Version 10.7c win64 Aug 18 2018
# //
# //  Copyright 1991-2018 Mentor Graphics Corporation
# //  All Rights Reserved.
# //
# //  QuestaSim and its associated documentation contain trade
# //  secrets and commercial or financial information that are the property of
# //  Mentor Graphics Corporation and are privileged, confidential,
# //  and exempt from disclosure under the Freedom of Information Act,
# //  5 U.S.C. Section 552. Furthermore, this information
# //  is prohibited from disclosure under the Trade Secrets Act,
# //  18 U.S.C. Section 1905.
# //
# Loading sv_std.std
# Loading work.deep_copy_example_sv_unit(fast)
# Loading work.test(fast)
# run -all
# s1 name: John
# s1 marks[0]: 90
# s2 name: Mike
# s2 marks[0]: 100
#  quit -f
# End time: 11:52:11 on Jul 11,2026, Elapsed time: 0:00:02
# Errors: 0, Warnings: 0
