Start time: 08:41:23 on Jul 08,2026
qverilog DFlipFlop.sv 
-- Compiling module Dff
-- Compiling module tb

Top level modules:
	tb
# vsim -lib work work.tb -c -do "run -all; quit -f" -appendlog -l qverilog.log -vopt 
# ** Note: (vsim-8009) Loading existing optimized design _opt
# //  Questa Sim-64
# //  Version 10.7c win64 Aug 18 2018
# //
# //  Copyright 1991-2018 Mentor Graphics Corporation
# //  All Rights Reserved.
# //
# //  QuestaSim and its associated documentation contain trade
# //  secrets and commercial or financial information that are the property of
# //  Mentor Graphics Corporation and are privileged, confidential,
# //  and exempt from disclosure under the Freedom of Information Act,
# //  5 U.S.C. Section 552. Furthermore, this information
# //  is prohibited from disclosure under the Trade Secrets Act,
# //  18 U.S.C. Section 1905.
# //
# Loading sv_std.std
# Loading work.tb(fast)
# run -all
# At                    0 time,d=x q=0
# At                    2 time,d=0 q=0
# At                    4 time,d=1 q=0
# At                    6 time,d=0 q=0
# At                   11 time,d=1 q=0
# At                   14 time,d=1 q=1
# ** Note: $finish    : DFlipFlop.sv(31)
#    Time: 21 ns  Iteration: 0  Instance: /tb
# End time: 08:41:25 on Jul 08,2026, Elapsed time: 0:00:02
# Errors: 0, Warnings: 0
