Start time: 09:55:47 on Jul 08,2026
qverilog 4x1_MUX.sv 
-- Compiling module MUX_4x1
-- Compiling module tb

Top level modules:
	tb
# vsim -lib work work.tb -c -do "run -all; quit -f" -appendlog -l qverilog.log -vopt 
# ** Note: (vsim-3812) Design is being optimized...
# //  Questa Sim-64
# //  Version 10.7c win64 Aug 18 2018
# //
# //  Copyright 1991-2018 Mentor Graphics Corporation
# //  All Rights Reserved.
# //
# //  QuestaSim and its associated documentation contain trade
# //  secrets and commercial or financial information that are the property of
# //  Mentor Graphics Corporation and are privileged, confidential,
# //  and exempt from disclosure under the Freedom of Information Act,
# //  5 U.S.C. Section 552. Furthermore, this information
# //  is prohibited from disclosure under the Trade Secrets Act,
# //  18 U.S.C. Section 1905.
# //
# Loading sv_std.std
# Loading work.tb(fast)
# run -all
# At                    0 time, i0=x i1=x i2=x i3=x s0=x s1=x out=x
# At                    2 time, i0=0 i1=0 i2=0 i3=0 s0=0 s1=0 out=0
# At                    4 time, i0=1 i1=0 i2=0 i3=0 s0=0 s1=0 out=1
# At                    6 time, i0=0 i1=1 i2=0 i3=0 s0=1 s1=0 out=0
# At                    8 time, i0=0 i1=0 i2=1 i3=0 s0=0 s1=1 out=0
# At                   10 time, i0=0 i1=0 i2=0 i3=1 s0=1 s1=1 out=1
# At                   12 time, i0=0 i1=1 i2=1 i3=0 s0=0 s1=0 out=0
# ** Note: $finish    : 4x1_MUX.sv(30)
#    Time: 22 ns  Iteration: 0  Instance: /tb
# End time: 09:55:49 on Jul 08,2026, Elapsed time: 0:00:02
# Errors: 0, Warnings: 0
